../Core/Src/main.c:64:6:Display_Temp	40	static
../Core/Src/main.c:74:6:Display_Rh	40	static
../Core/Src/main.c:95:6:Set_Pin_Output	40	static
../Core/Src/main.c:104:6:Set_Pin_Input	40	static
../Core/Src/main.c:119:6:DHT11_Start	8	static
../Core/Src/main.c:129:9:DHT11_Check_Response	16	static
../Core/Src/main.c:143:9:DHT11_Read	16	static
../Core/Src/main.c:164:5:main	8	static
../Core/Src/main.c:251:6:SystemClock_Config	88	static
../Core/Src/main.c:297:13:MX_TIM1_Init	32	static
../Core/Src/main.c:343:13:MX_GPIO_Init	40	static
../Core/Src/main.c:375:6:Error_Handler	4	static,ignoring_inline_asm
